=========================================================================
 ИЗМЕНЕНИЯ В ПАПКЕ: TgWsProxy
 Источник: /home/nekzie/Documents/projects/code/i3-desk-wizard/config/TgWsProxy
 Цель:     /home/nekzie/.config/TgWsProxy
=========================================================================
diff -ruN TgWsProxy/1705.lock /home/nekzie/.config/TgWsProxy/1705.lock
--- TgWsProxy/1705.lock	2026-05-25 15:34:20.963405416 +0300
+++ /home/nekzie/.config/TgWsProxy/1705.lock	1970-01-01 03:00:00.000000000 +0300
@@ -1 +0,0 @@
-{"create_time": 1779708652.05}
\ No newline at end of file
diff -ruN TgWsProxy/1772.lock /home/nekzie/.config/TgWsProxy/1772.lock
--- TgWsProxy/1772.lock	1970-01-01 03:00:00.000000000 +0300
+++ /home/nekzie/.config/TgWsProxy/1772.lock	2026-06-11 13:07:10.542062206 +0300
@@ -0,0 +1 @@
+{"create_time": 1781172430.24}
\ No newline at end of file
diff -ruN TgWsProxy/config.json /home/nekzie/.config/TgWsProxy/config.json
--- TgWsProxy/config.json	2026-05-25 15:34:20.963473494 +0300
+++ /home/nekzie/.config/TgWsProxy/config.json	2026-06-11 13:07:10.542296335 +0300
@@ -10,5 +10,8 @@
   "log_max_mb": 5,
   "buf_kb": 256,
   "pool_size": 4,
-  "secret": "e5b668204dbedda2c62dafbf60f5a02f"
+  "secret": "e5b668204dbedda2c62dafbf60f5a02f",
+  "cfproxy": true,
+  "cfproxy_user_domain": [],
+  "cfproxy_worker_domain": []
 }
\ No newline at end of file
diff -ruN TgWsProxy/proxy.log /home/nekzie/.config/TgWsProxy/proxy.log
--- TgWsProxy/proxy.log	2026-05-25 15:34:20.963442986 +0300
+++ /home/nekzie/.config/TgWsProxy/proxy.log	2026-06-11 13:15:12.278705486 +0300
@@ -1,80 +1,28 @@
-2026-05-25 14:30:52  INFO   tg-ws-tray  TG WS Proxy версия 1.4.0 starting
-2026-05-25 14:30:52  INFO   tg-ws-tray  Config: {'port': 1443, 'host': '127.0.0.1', 'dc_ip': ['2:149.154.167.220', '4:149.154.167.220'], 'verbose': False, 'check_updates': True, 'log_max_mb': 5, 'buf_kb': 256, 'pool_size': 4, 'secret': 'e5b668204dbedda2c62dafbf60f5a02f'}
-2026-05-25 14:30:52  INFO   tg-ws-tray  Log file: /home/nekzie/.config/TgWsProxy/proxy.log
-2026-05-25 14:30:52  INFO   tg-ws-tray  Starting proxy on 127.0.0.1:1443 ...
-2026-05-25 14:30:52  INFO   tg-mtproto-proxy  ============================================================
-2026-05-25 14:30:52  INFO   tg-mtproto-proxy    Telegram MTProto WS Bridge Proxy
-2026-05-25 14:30:52  INFO   tg-mtproto-proxy    Listening on   127.0.0.1:1443
-2026-05-25 14:30:52  INFO   tg-mtproto-proxy    Secret:        e5b668204dbedda2c62dafbf60f5a02f
-2026-05-25 14:30:52  INFO   tg-mtproto-proxy    Target DC IPs:
-2026-05-25 14:30:52  INFO   tg-mtproto-proxy      DC2: 149.154.167.220
-2026-05-25 14:30:52  INFO   tg-mtproto-proxy      DC4: 149.154.167.220
-2026-05-25 14:30:52  INFO   tg-mtproto-proxy  ============================================================
-2026-05-25 14:30:52  INFO   tg-mtproto-proxy    Connect link:
-2026-05-25 14:30:52  INFO   tg-mtproto-proxy      tg://proxy?server=127.0.0.1&port=1443&secret=dde5b668204dbedda2c62dafbf60f5a02f
-2026-05-25 14:30:52  INFO   tg-mtproto-proxy  ============================================================
-2026-05-25 14:30:52  INFO   tg-mtproto-proxy  WS pool warmup started for 2 DC(s)
-2026-05-25 14:30:52  INFO   tg-ws-tray  Tray icon running
-2026-05-25 14:31:52  INFO   tg-mtproto-proxy  stats: total=0 active=0 ws=0 tcp_fb=0 bad=0 err=0 pool=n/a up=0.0B down=0.0B | ws_bl: none
-2026-05-25 14:32:52  INFO   tg-mtproto-proxy  stats: total=0 active=0 ws=0 tcp_fb=0 bad=0 err=0 pool=n/a up=0.0B down=0.0B | ws_bl: none
-2026-05-25 14:33:52  INFO   tg-mtproto-proxy  stats: total=0 active=0 ws=0 tcp_fb=0 bad=0 err=0 pool=n/a up=0.0B down=0.0B | ws_bl: none
-2026-05-25 14:34:52  INFO   tg-mtproto-proxy  stats: total=0 active=0 ws=0 tcp_fb=0 bad=0 err=0 pool=n/a up=0.0B down=0.0B | ws_bl: none
-2026-05-25 14:35:52  INFO   tg-mtproto-proxy  stats: total=0 active=0 ws=0 tcp_fb=0 bad=0 err=0 pool=n/a up=0.0B down=0.0B | ws_bl: none
-2026-05-25 14:36:52  INFO   tg-mtproto-proxy  stats: total=0 active=0 ws=0 tcp_fb=0 bad=0 err=0 pool=n/a up=0.0B down=0.0B | ws_bl: none
-2026-05-25 14:37:52  INFO   tg-mtproto-proxy  stats: total=0 active=0 ws=0 tcp_fb=0 bad=0 err=0 pool=n/a up=0.0B down=0.0B | ws_bl: none
-2026-05-25 14:38:52  INFO   tg-mtproto-proxy  stats: total=0 active=0 ws=0 tcp_fb=0 bad=0 err=0 pool=n/a up=0.0B down=0.0B | ws_bl: none
-2026-05-25 14:39:52  INFO   tg-mtproto-proxy  stats: total=0 active=0 ws=0 tcp_fb=0 bad=0 err=0 pool=n/a up=0.0B down=0.0B | ws_bl: none
-2026-05-25 14:40:52  INFO   tg-mtproto-proxy  stats: total=0 active=0 ws=0 tcp_fb=0 bad=0 err=0 pool=n/a up=0.0B down=0.0B | ws_bl: none
-2026-05-25 14:41:52  INFO   tg-mtproto-proxy  stats: total=0 active=0 ws=0 tcp_fb=0 bad=0 err=0 pool=n/a up=0.0B down=0.0B | ws_bl: none
-2026-05-25 14:42:52  INFO   tg-mtproto-proxy  stats: total=0 active=0 ws=0 tcp_fb=0 bad=0 err=0 pool=n/a up=0.0B down=0.0B | ws_bl: none
-2026-05-25 14:43:52  INFO   tg-mtproto-proxy  stats: total=0 active=0 ws=0 tcp_fb=0 bad=0 err=0 pool=n/a up=0.0B down=0.0B | ws_bl: none
-2026-05-25 14:44:53  INFO   tg-mtproto-proxy  stats: total=0 active=0 ws=0 tcp_fb=0 bad=0 err=0 pool=n/a up=0.0B down=0.0B | ws_bl: none
-2026-05-25 14:45:53  INFO   tg-mtproto-proxy  stats: total=0 active=0 ws=0 tcp_fb=0 bad=0 err=0 pool=n/a up=0.0B down=0.0B | ws_bl: none
-2026-05-25 14:46:53  INFO   tg-mtproto-proxy  stats: total=0 active=0 ws=0 tcp_fb=0 bad=0 err=0 pool=n/a up=0.0B down=0.0B | ws_bl: none
-2026-05-25 14:47:53  INFO   tg-mtproto-proxy  stats: total=0 active=0 ws=0 tcp_fb=0 bad=0 err=0 pool=n/a up=0.0B down=0.0B | ws_bl: none
-2026-05-25 14:48:53  INFO   tg-mtproto-proxy  stats: total=0 active=0 ws=0 tcp_fb=0 bad=0 err=0 pool=n/a up=0.0B down=0.0B | ws_bl: none
-2026-05-25 14:49:53  INFO   tg-mtproto-proxy  stats: total=0 active=0 ws=0 tcp_fb=0 bad=0 err=0 pool=n/a up=0.0B down=0.0B | ws_bl: none
-2026-05-25 14:50:53  INFO   tg-mtproto-proxy  stats: total=0 active=0 ws=0 tcp_fb=0 bad=0 err=0 pool=n/a up=0.0B down=0.0B | ws_bl: none
-2026-05-25 14:51:53  INFO   tg-mtproto-proxy  stats: total=0 active=0 ws=0 tcp_fb=0 bad=0 err=0 pool=n/a up=0.0B down=0.0B | ws_bl: none
-2026-05-25 14:52:53  INFO   tg-mtproto-proxy  stats: total=0 active=0 ws=0 tcp_fb=0 bad=0 err=0 pool=n/a up=0.0B down=0.0B | ws_bl: none
-2026-05-25 14:53:53  INFO   tg-mtproto-proxy  stats: total=0 active=0 ws=0 tcp_fb=0 bad=0 err=0 pool=n/a up=0.0B down=0.0B | ws_bl: none
-2026-05-25 14:54:53  INFO   tg-mtproto-proxy  stats: total=0 active=0 ws=0 tcp_fb=0 bad=0 err=0 pool=n/a up=0.0B down=0.0B | ws_bl: none
-2026-05-25 14:55:53  INFO   tg-mtproto-proxy  stats: total=0 active=0 ws=0 tcp_fb=0 bad=0 err=0 pool=n/a up=0.0B down=0.0B | ws_bl: none
-2026-05-25 14:56:53  INFO   tg-mtproto-proxy  stats: total=0 active=0 ws=0 tcp_fb=0 bad=0 err=0 pool=n/a up=0.0B down=0.0B | ws_bl: none
-2026-05-25 14:57:53  INFO   tg-mtproto-proxy  stats: total=0 active=0 ws=0 tcp_fb=0 bad=0 err=0 pool=n/a up=0.0B down=0.0B | ws_bl: none
-2026-05-25 14:58:53  INFO   tg-mtproto-proxy  stats: total=0 active=0 ws=0 tcp_fb=0 bad=0 err=0 pool=n/a up=0.0B down=0.0B | ws_bl: none
-2026-05-25 14:59:53  INFO   tg-mtproto-proxy  stats: total=0 active=0 ws=0 tcp_fb=0 bad=0 err=0 pool=n/a up=0.0B down=0.0B | ws_bl: none
-2026-05-25 15:00:53  INFO   tg-mtproto-proxy  stats: total=0 active=0 ws=0 tcp_fb=0 bad=0 err=0 pool=n/a up=0.0B down=0.0B | ws_bl: none
-2026-05-25 15:01:53  INFO   tg-mtproto-proxy  stats: total=0 active=0 ws=0 tcp_fb=0 bad=0 err=0 pool=n/a up=0.0B down=0.0B | ws_bl: none
-2026-05-25 15:02:54  INFO   tg-mtproto-proxy  stats: total=0 active=0 ws=0 tcp_fb=0 bad=0 err=0 pool=n/a up=0.0B down=0.0B | ws_bl: none
-2026-05-25 15:03:54  INFO   tg-mtproto-proxy  stats: total=0 active=0 ws=0 tcp_fb=0 bad=0 err=0 pool=n/a up=0.0B down=0.0B | ws_bl: none
-2026-05-25 15:04:54  INFO   tg-mtproto-proxy  stats: total=0 active=0 ws=0 tcp_fb=0 bad=0 err=0 pool=n/a up=0.0B down=0.0B | ws_bl: none
-2026-05-25 15:05:54  INFO   tg-mtproto-proxy  stats: total=0 active=0 ws=0 tcp_fb=0 bad=0 err=0 pool=n/a up=0.0B down=0.0B | ws_bl: none
-2026-05-25 15:06:54  INFO   tg-mtproto-proxy  stats: total=0 active=0 ws=0 tcp_fb=0 bad=0 err=0 pool=n/a up=0.0B down=0.0B | ws_bl: none
-2026-05-25 15:07:54  INFO   tg-mtproto-proxy  stats: total=0 active=0 ws=0 tcp_fb=0 bad=0 err=0 pool=n/a up=0.0B down=0.0B | ws_bl: none
-2026-05-25 15:08:54  INFO   tg-mtproto-proxy  stats: total=0 active=0 ws=0 tcp_fb=0 bad=0 err=0 pool=n/a up=0.0B down=0.0B | ws_bl: none
-2026-05-25 15:09:54  INFO   tg-mtproto-proxy  stats: total=0 active=0 ws=0 tcp_fb=0 bad=0 err=0 pool=n/a up=0.0B down=0.0B | ws_bl: none
-2026-05-25 15:10:54  INFO   tg-mtproto-proxy  stats: total=0 active=0 ws=0 tcp_fb=0 bad=0 err=0 pool=n/a up=0.0B down=0.0B | ws_bl: none
-2026-05-25 15:11:54  INFO   tg-mtproto-proxy  stats: total=0 active=0 ws=0 tcp_fb=0 bad=0 err=0 pool=n/a up=0.0B down=0.0B | ws_bl: none
-2026-05-25 15:12:54  INFO   tg-mtproto-proxy  stats: total=0 active=0 ws=0 tcp_fb=0 bad=0 err=0 pool=n/a up=0.0B down=0.0B | ws_bl: none
-2026-05-25 15:13:54  INFO   tg-mtproto-proxy  stats: total=0 active=0 ws=0 tcp_fb=0 bad=0 err=0 pool=n/a up=0.0B down=0.0B | ws_bl: none
-2026-05-25 15:14:54  INFO   tg-mtproto-proxy  stats: total=0 active=0 ws=0 tcp_fb=0 bad=0 err=0 pool=n/a up=0.0B down=0.0B | ws_bl: none
-2026-05-25 15:15:54  INFO   tg-mtproto-proxy  stats: total=0 active=0 ws=0 tcp_fb=0 bad=0 err=0 pool=n/a up=0.0B down=0.0B | ws_bl: none
-2026-05-25 15:16:54  INFO   tg-mtproto-proxy  stats: total=0 active=0 ws=0 tcp_fb=0 bad=0 err=0 pool=n/a up=0.0B down=0.0B | ws_bl: none
-2026-05-25 15:17:54  INFO   tg-mtproto-proxy  stats: total=0 active=0 ws=0 tcp_fb=0 bad=0 err=0 pool=n/a up=0.0B down=0.0B | ws_bl: none
-2026-05-25 15:18:55  INFO   tg-mtproto-proxy  stats: total=0 active=0 ws=0 tcp_fb=0 bad=0 err=0 pool=n/a up=0.0B down=0.0B | ws_bl: none
-2026-05-25 15:19:55  INFO   tg-mtproto-proxy  stats: total=0 active=0 ws=0 tcp_fb=0 bad=0 err=0 pool=n/a up=0.0B down=0.0B | ws_bl: none
-2026-05-25 15:20:55  INFO   tg-mtproto-proxy  stats: total=0 active=0 ws=0 tcp_fb=0 bad=0 err=0 pool=n/a up=0.0B down=0.0B | ws_bl: none
-2026-05-25 15:21:55  INFO   tg-mtproto-proxy  stats: total=0 active=0 ws=0 tcp_fb=0 bad=0 err=0 pool=n/a up=0.0B down=0.0B | ws_bl: none
-2026-05-25 15:22:55  INFO   tg-mtproto-proxy  stats: total=0 active=0 ws=0 tcp_fb=0 bad=0 err=0 pool=n/a up=0.0B down=0.0B | ws_bl: none
-2026-05-25 15:23:55  INFO   tg-mtproto-proxy  stats: total=0 active=0 ws=0 tcp_fb=0 bad=0 err=0 pool=n/a up=0.0B down=0.0B | ws_bl: none
-2026-05-25 15:24:55  INFO   tg-mtproto-proxy  stats: total=0 active=0 ws=0 tcp_fb=0 bad=0 err=0 pool=n/a up=0.0B down=0.0B | ws_bl: none
-2026-05-25 15:25:55  INFO   tg-mtproto-proxy  stats: total=0 active=0 ws=0 tcp_fb=0 bad=0 err=0 pool=n/a up=0.0B down=0.0B | ws_bl: none
-2026-05-25 15:26:55  INFO   tg-mtproto-proxy  stats: total=0 active=0 ws=0 tcp_fb=0 bad=0 err=0 pool=n/a up=0.0B down=0.0B | ws_bl: none
-2026-05-25 15:27:55  INFO   tg-mtproto-proxy  stats: total=0 active=0 ws=0 tcp_fb=0 bad=0 err=0 pool=n/a up=0.0B down=0.0B | ws_bl: none
-2026-05-25 15:28:55  INFO   tg-mtproto-proxy  stats: total=0 active=0 ws=0 tcp_fb=0 bad=0 err=0 pool=n/a up=0.0B down=0.0B | ws_bl: none
-2026-05-25 15:29:55  INFO   tg-mtproto-proxy  stats: total=0 active=0 ws=0 tcp_fb=0 bad=0 err=0 pool=n/a up=0.0B down=0.0B | ws_bl: none
-2026-05-25 15:30:55  INFO   tg-mtproto-proxy  stats: total=0 active=0 ws=0 tcp_fb=0 bad=0 err=0 pool=n/a up=0.0B down=0.0B | ws_bl: none
-2026-05-25 15:31:55  INFO   tg-mtproto-proxy  stats: total=0 active=0 ws=0 tcp_fb=0 bad=0 err=0 pool=n/a up=0.0B down=0.0B | ws_bl: none
-2026-05-25 15:32:55  INFO   tg-mtproto-proxy  stats: total=0 active=0 ws=0 tcp_fb=0 bad=0 err=0 pool=n/a up=0.0B down=0.0B | ws_bl: none
-2026-05-25 15:33:55  INFO   tg-mtproto-proxy  stats: total=0 active=0 ws=0 tcp_fb=0 bad=0 err=0 pool=n/a up=0.0B down=0.0B | ws_bl: none
+2026-06-11 13:07:10  INFO   tg-ws-tray  TG WS Proxy версия 1.7.2 starting
+2026-06-11 13:07:10  INFO   tg-ws-tray  Config: {'port': 1443, 'host': '127.0.0.1', 'dc_ip': ['2:149.154.167.220', '4:149.154.167.220'], 'verbose': False, 'check_updates': True, 'log_max_mb': 5, 'buf_kb': 256, 'pool_size': 4, 'secret': 'e5b668204dbedda2c62dafbf60f5a02f', 'cfproxy': True, 'cfproxy_user_domain': [], 'cfproxy_worker_domain': []}
+2026-06-11 13:07:10  INFO   tg-ws-tray  Log file: /home/nekzie/.config/TgWsProxy/proxy.log
+2026-06-11 13:07:10  INFO   tg-ws-tray  Starting proxy on 127.0.0.1:1443 ...
+2026-06-11 13:07:10  INFO   tg-mtproto-proxy  ============================================================
+2026-06-11 13:07:10  INFO   tg-mtproto-proxy    Telegram MTProto WS Bridge Proxy
+2026-06-11 13:07:10  INFO   tg-mtproto-proxy    Listening on   127.0.0.1:1443
+2026-06-11 13:07:10  INFO   tg-mtproto-proxy    Secret:        e5b668204dbedda2c62dafbf60f5a02f
+2026-06-11 13:07:10  INFO   tg-mtproto-proxy    Target DC IPs:
+2026-06-11 13:07:10  INFO   tg-mtproto-proxy      DC2: 149.154.167.220
+2026-06-11 13:07:10  INFO   tg-mtproto-proxy      DC4: 149.154.167.220
+2026-06-11 13:07:10  INFO   tg-mtproto-proxy    CF proxy:      enabled (auto)
+2026-06-11 13:07:10  INFO   tg-mtproto-proxy  ============================================================
+2026-06-11 13:07:10  INFO   tg-mtproto-proxy    Connect:
+2026-06-11 13:07:10  INFO   tg-mtproto-proxy      tg://proxy?server=127.0.0.1&port=1443&secret=dde5b668204dbedda2c62dafbf60f5a02f
+2026-06-11 13:07:10  INFO   tg-mtproto-proxy  ============================================================
+2026-06-11 13:07:10  INFO   tg-mtproto-proxy  WS pool warmup started for 2 DC(s)
+2026-06-11 13:07:10  INFO   tg-ws-tray  Tray icon running
+2026-06-11 13:07:10  WARNING  tg-mtproto-proxy  Failed to fetch CF proxy domain list: URLError(SSLCertVerificationError(1, '[SSL: CERTIFICATE_VERIFY_FAILED] certificate verify failed: unable to get local issuer certificate (_ssl.c:1000)'))
+2026-06-11 13:07:10  WARNING  tg-mtproto-proxy  CF proxy domain refresh failed or empty response; keeping current domain pool
+2026-06-11 13:08:11  INFO   tg-mtproto-proxy  stats: total=0 active=0 ws=0 tcp_fb=0 cf=0 bad=0 masked=0 err=0 pool=n/a cf_pool=n/a up=0.0B down=0.0B | ws_bl: none
+2026-06-11 13:09:11  INFO   tg-mtproto-proxy  stats: total=0 active=0 ws=0 tcp_fb=0 cf=0 bad=0 masked=0 err=0 pool=n/a cf_pool=n/a up=0.0B down=0.0B | ws_bl: none
+2026-06-11 13:10:11  INFO   tg-mtproto-proxy  stats: total=0 active=0 ws=0 tcp_fb=0 cf=0 bad=0 masked=0 err=0 pool=n/a cf_pool=n/a up=0.0B down=0.0B | ws_bl: none
+2026-06-11 13:11:12  INFO   tg-mtproto-proxy  stats: total=0 active=0 ws=0 tcp_fb=0 cf=0 bad=0 masked=0 err=0 pool=n/a cf_pool=n/a up=0.0B down=0.0B | ws_bl: none
+2026-06-11 13:12:12  INFO   tg-mtproto-proxy  stats: total=0 active=0 ws=0 tcp_fb=0 cf=0 bad=0 masked=0 err=0 pool=n/a cf_pool=n/a up=0.0B down=0.0B | ws_bl: none
+2026-06-11 13:13:12  INFO   tg-mtproto-proxy  stats: total=0 active=0 ws=0 tcp_fb=0 cf=0 bad=0 masked=0 err=0 pool=n/a cf_pool=n/a up=0.0B down=0.0B | ws_bl: none
+2026-06-11 13:14:12  INFO   tg-mtproto-proxy  stats: total=0 active=0 ws=0 tcp_fb=0 cf=0 bad=0 masked=0 err=0 pool=n/a cf_pool=n/a up=0.0B down=0.0B | ws_bl: none
+2026-06-11 13:15:12  INFO   tg-mtproto-proxy  stats: total=0 active=0 ws=0 tcp_fb=0 cf=0 bad=0 masked=0 err=0 pool=n/a cf_pool=n/a up=0.0B down=0.0B | ws_bl: none
diff -ruN TgWsProxy/.update_check_cache.json /home/nekzie/.config/TgWsProxy/.update_check_cache.json
--- TgWsProxy/.update_check_cache.json	2026-05-25 15:34:20.963494022 +0300
+++ /home/nekzie/.config/TgWsProxy/.update_check_cache.json	2026-06-11 13:07:12.178144061 +0300
@@ -1 +1 @@
-{"last_attempt_at": 1779708653.849741, "last_error": "<urlopen error [SSL: CERTIFICATE_VERIFY_FAILED] certificate verify failed: unable to get local issuer certificate (_ssl.c:1000)>"}
\ No newline at end of file
+{"last_attempt_at": 1781172432.0475743, "last_error": "<urlopen error [SSL: CERTIFICATE_VERIFY_FAILED] certificate verify failed: unable to get local issuer certificate (_ssl.c:1000)>"}
\ No newline at end of file



